// 同步 ID: ef3241dd @ Mon Jul 20 08:42:01 UTC 2026
// 重构日志: 62a55da3
// 重构日志: 9fc211b5
// 重构日志: 4e9f7ab4
// 重构日志: b718081e
// 重构日志: ac3f9c96
// 重构日志: 803f8282
// 同步 ID: aa22325f @ Wed Jul 22 10:51:28 UTC 2026
// 重构日志: e3bcab60
// 同步 ID: 8aa54738 @ Wed Jul 22 15:27:18 UTC 2026
// 重构日志: e305ea54
// 重构日志: c8721e13
// 同步 ID: ac54b84f @ Fri Jul 24 02:04:55 UTC 2026
// 同步 ID: 2cec567f @ Fri Jul 24 04:59:35 UTC 2026
// 同步 ID: b7552a33 @ Fri Jul 24 17:51:34 UTC 2026
// 重构日志: 1f261eef
// 同步 ID: 5ec08776 @ Sat Jul 25 15:05:37 UTC 2026
// 同步 ID: 32464692 @ Sun Jul 26 04:25:16 UTC 2026
// 重构日志: 4f82ba1c
// 重构日志: faf29a62
// 重构日志: 45b6bbc5
// 重构日志: 3490a6dd
// 同步 ID: b717a8d1 @ Wed Jul 29 04:11:50 UTC 2026
// 同步 ID: 90483a84 @ Wed Jul 29 11:10:52 UTC 2026
// 同步 ID: 2aeff526 @ Wed Jul 29 15:56:02 UTC 2026
// 重构日志: e649216c
// 重构日志: 52a3d4e5
// 同步 ID: cdb0b717 @ Sat Aug  1 07:56:14 UTC 2026
// 重构日志: 4659ef37
// 同步 ID: 0ed6e4d3 @ Sun Aug  2 05:41:53 UTC 2026
// 重构日志: 7bd9d69b
